%!Adobe-FontList 1.14
%Locale:0x409

%BeginFont
Handler:DirectoryHandler
FontType:TrueType
FontName:Soleto-Regular
FamilyName:Soleto
StyleName:Regular
MenuName:Soleto
StyleBits:0
WeightClass:400
WidthClass:5
AngleClass:0
FullName:Soleto
WritingScript:Roman
OutlineFileName:\23748_2.ttf
DataFormat:sfntData
FileLength:107116
FileModTime:1453743712
%EndFont

%BeginFont
Handler:DirectoryHandler
FontType:Type1
FontName:AzoSans-Bold
FamilyName:Azo Sans
StyleName:Bold
MenuName:Azo Sans
StyleBits:2
WeightClass:700
WidthClass:5
AngleClass:0
FullName:Azo Sans Bold
WritingScript:Roman
OutlineFileName:\18438_0.ttf
DataFormat:sfntData
UsesStandardEncoding:yes
isCFF:yes
FileLength:69228
FileModTime:1440532444
%EndFont

%BeginFont
Handler:DirectoryHandler
FontType:TrueType
FontName:Rupee
FamilyName:Rupee
StyleName:Regular
MenuName:Rupee
StyleBits:0
WeightClass:400
WidthClass:5
AngleClass:0
FullName:Rupee
WritingScript:Roman
OutlineFileName:\Rupee.ttf
DataFormat:sfntData
FileLength:14800
FileModTime:1551096176
%EndFont

%BeginFont
Handler:DirectoryHandler
FontType:TrueType
FontName:Soleto-Light
FamilyName:Soleto
StyleName:Light
MenuName:Soleto Light
StyleBits:0
WeightClass:300
WidthClass:5
AngleClass:0
FullName:Soleto Light
WritingScript:Roman
OutlineFileName:\Soleto_Lt.ttf
DataFormat:sfntData
FileLength:113420
FileModTime:1410704400
%EndFont

%BeginFont
Handler:DirectoryHandler
FontType:TrueType
FontName:Soleto-Medium
FamilyName:Soleto
StyleName:Medium
MenuName:Soleto Medium
StyleBits:0
WeightClass:500
WidthClass:5
AngleClass:0
FullName:Soleto Medium
WritingScript:Roman
OutlineFileName:\23746_2.ttf
DataFormat:sfntData
FileLength:107300
FileModTime:1453743706
%EndFont

